Run options: include {:locations=>{"./spec/scenic/oracle_adapter_spec.rb"=>[81]}}
********************************************************************************
the first schema is:
# This file is auto-generated from the current state of the database. Instead
# of editing this file, please use the migrations feature of Active Record to
# incrementally modify your database, and then regenerate this schema definition.
#
# This file is the source Rails uses to define your schema when running `bin/rails
# db:schema:load`. When creating a new database, `bin/rails db:schema:load` tends to
# be faster and is potentially less error prone than running all of your
# migrations from scratch. Old migrations may fail to apply correctly if those
# migrations use external dependencies or application code.
#
# It's strongly recommended that you check this file into your version control system.

ActiveRecord::Schema[7.0].define(version: 0) do

  create_view "blah", sql_definition: <<-SQL
      select 1 as a from dual
  SQL
  create_view "fancy_blah", sql_definition: <<-SQL
      select
          1 as a,
            2 as bi
        from
          dual
  SQL
end
********************************************************************************
starting load
-- create_view("blah", {:sql_definition=>"      select 1 as a from dual\n"})
   -> 0.0011s
   -> 0 rows
-- create_view("fancy_blah", {:sql_definition=>"      select\n          1 as a,\n            2 as bi\n        from\n          dual\n"})
   -> 0.0011s
   -> 0 rows
oracle sez
name
blah
defition
select 1 as a from dual
trimmed definition
select 1 as a from dual
to_schema
  create_view "blah", sql_definition: <<-SQL
      select 1 as a from dual
  SQL
name
fancy_blah
defition
select
          1 as a,
            2 as bi
        from
          dual
trimmed definition
select
          1 as a,
            2 as bi
        from
          dual
to_schema
  create_view "fancy_blah", sql_definition: <<-SQL
      select
            1 as a,
              2 as bi
          from
            dual
  SQL
********************************************************************************
the second schema is:
# This file is auto-generated from the current state of the database. Instead
# of editing this file, please use the migrations feature of Active Record to
# incrementally modify your database, and then regenerate this schema definition.
#
# This file is the source Rails uses to define your schema when running `bin/rails
# db:schema:load`. When creating a new database, `bin/rails db:schema:load` tends to
# be faster and is potentially less error prone than running all of your
# migrations from scratch. Old migrations may fail to apply correctly if those
# migrations use external dependencies or application code.
#
# It's strongly recommended that you check this file into your version control system.

ActiveRecord::Schema[7.0].define(version: 0) do

  create_view "blah", sql_definition: <<-SQL
      select 1 as a from dual
  SQL
  create_view "fancy_blah", sql_definition: <<-SQL
      select
          1 as a,
            2 as bi
        from
          dual
  SQL
end
.

Finished in 1.47 seconds (files took 0.47838 seconds to load)
1 example, 0 failures

